2025-07-11 00:34:06 [ERROR]: uncaughtException: logger.warn is not a function
TypeError: logger.warn is not a function
    at D:\Boulot\Auto_Registry\Aegis Local Auth\app\services\sms-providers\adbProvider.js:183:28
    at ChildProcess.exithandler (node:child_process:407:7)
    at ChildProcess.emit (node:events:518:28)
    at maybeClose (node:internal/child_process:1101:16)
    at ChildProcess._handle.onexit (node:internal/child_process:304:5)
Stack: TypeError: logger.warn is not a function
    at D:\Boulot\Auto_Registry\Aegis Local Auth\app\services\sms-providers\adbProvider.js:183:28
    at ChildProcess.exithandler (node:child_process:407:7)
    at ChildProcess.emit (node:events:518:28)
    at maybeClose (node:internal/child_process:1101:16)
    at ChildProcess._handle.onexit (node:internal/child_process:304:5)
2025-07-11 00:58:58 [ERROR]: [SMS-Modem] Erreur de port série: - Error: Opening COM5: File not found
2025-07-11 00:59:47 [ERROR]: [SMS-Modem] Erreur de port série: - Error: Opening COM5: File not found
2025-07-11 01:08:17 [ERROR]: [SMS-Modem] Erreur de port série: - Error: Opening COM5: File not found
2025-07-11 01:14:17 [ERROR]: [SMS-Modem] Erreur de port série: - Error: Opening COM5: File not found
2025-07-11 01:14:17 [ERROR]: uncaughtException: listen EADDRINUSE: address already in use :::3000
Error: listen EADDRINUSE: address already in use :::3000
    at Server.setupListenHandle [as _listen2] (node:net:1939:16)
    at listenInCluster (node:net:1996:12)
    at Server.listen (node:net:2101:7)
    at Function.listen (D:\Boulot\Auto_Registry\Aegis Local Auth\node_modules\express\lib\application.js:635:24)
    at startServer (D:\Boulot\Auto_Registry\Aegis Local Auth\server.js:137:24)
    at process.processTicksAndRejections (node:internal/process/task_queues:105:5)
Stack: Error: listen EADDRINUSE: address already in use :::3000
    at Server.setupListenHandle [as _listen2] (node:net:1939:16)
    at listenInCluster (node:net:1996:12)
    at Server.listen (node:net:2101:7)
    at Function.listen (D:\Boulot\Auto_Registry\Aegis Local Auth\node_modules\express\lib\application.js:635:24)
    at startServer (D:\Boulot\Auto_Registry\Aegis Local Auth\server.js:137:24)
    at process.processTicksAndRejections (node:internal/process/task_queues:105:5)
2025-07-11 01:14:17 [ERROR]: Uncaught Exception - Error: listen EADDRINUSE: address already in use :::3000
2025-07-11 02:34:38 [ERROR]: [SMS-Modem] Erreur de port série: - Error: Opening COM5: File not found
2025-07-11 02:35:02 [ERROR]: [SMS-Modem] Erreur de port série: - Error: Opening COM5: File not found
2025-07-11 04:01:26 [ERROR]: [SMS-Modem] Erreur de port série: - Error: Opening COM5: File not found
2025-07-11 04:01:32 [ERROR]: [SMS-ADB] Aucun appareil Android connecté
2025-07-11 04:01:32 [ERROR]: [SMS-ADB] Impossible de détecter la version Android, utilisation par défaut - Error: Erreur d'exécution: Command failed: "D:\Boulot\Auto_Registry\Aegis Local Auth\bin\platform-tools\adb.exe"  shell getprop ro.build.version.release
adb.exe: no devices/emulators found

2025-07-11 04:01:33 [ERROR]: [SMS-ADB] Aucun appareil Android connecté
2025-07-11 04:01:33 [ERROR]: [SMS-ADB] Aucun appareil Android connecté via ADB
